
> media-processor@1.0.0 build
> next build

  Γû▓ Next.js 14.2.35

   Creating an optimized production build ...
node.exe :  ΓÜá 
Compiled with warnings
At line:1 char:1
+ & "C:\Program 
Files\nodejs/node.exe" 
"C:\Program 
Files\nodejs/node_mo 
...
+ ~~~~~~~~~~~~~~~~~~~~~
~~~~~~~~~~~~~~~~~~~~~~~
~~~~~~~~~~~~~~~~~~~~~~~
~~
    + CategoryInfo     
         : NotSpecifi  
  ed: ( ΓÜá Compiled   
  with warnings:Str    
ing) [], RemoteExc    
eption
    + FullyQualifiedEr 
   rorId : NativeComm  
  andError
 

./node_modules/framer-m
otion/dist/es/render/do
m/utils/filter-props.mj
s
Module not found: 
Can't resolve '@emotion
/is-prop-valid' in 'C:\
Users\NISHCHAL\OneDrive
\Desktop\creative_suite
\node_modules\framer-mo
tion\dist\es\render\dom
\utils'

Import trace for 
requested module:
./node_modules/framer-m
otion/dist/es/render/do
m/utils/filter-props.mj
s
./node_modules/framer-m
otion/dist/es/index.mjs
./src/app/page.tsx

./node_modules/onnxrunt
ime-web/dist/ort.bundle
.min.mjs
Critical dependency: 
require function is 
used in a way in which 
dependencies cannot be 
statically extracted

Import trace for 
requested module:
./node_modules/onnxrunt
ime-web/dist/ort.bundle
.min.mjs
./src/processors/bgremo
ver.ts
./src/app/page.tsx

./node_modules/onnxrunt
ime-web/dist/ort.webgpu
.bundle.min.mjs
Critical dependency: 
require function is 
used in a way in which 
dependencies cannot be 
statically extracted

Import trace for 
requested module:
./node_modules/onnxrunt
ime-web/dist/ort.webgpu
.bundle.min.mjs
./node_modules/@imgly/b
ackground-removal/dist/
index.mjs
./src/processors/bgremo
ver.ts
./src/app/page.tsx

./node_modules/onnxrunt
ime-web/dist/ort.webgpu
.bundle.min.mjs
Critical dependency: 
require function is 
used in a way in which 
dependencies cannot be 
statically extracted

Import trace for 
requested module:
./node_modules/onnxrunt
ime-web/dist/ort.webgpu
.bundle.min.mjs
./node_modules/@imgly/b
ackground-removal/dist/
index.mjs
./src/processors/bgremo
ver.ts
./src/app/page.tsx

   Linting and checking validity of types ...
   Collecting page data ...
   Generating static pages (0/5) ...
   Generating static pages (1/5) 
   Generating static pages (2/5) 
   Generating static pages (3/5) 
 Γ£ô Generating static pages (5/5)
   Finalizing page optimization ...
   Collecting build traces ...

Route (app)                              Size     First Load JS
Γöî Γùï /                                    74.8 kB         163 kB
Γö£ Γùï /_not-found                          873 B          89.1 kB
Γöö ╞Æ /api/fetch-image                     0 B                0 B
+ First Load JS shared by all            88.2 kB
  Γö£ chunks/117-dfd110d6b717bf14.js       31.8 kB
  Γö£ chunks/fd9d1056-b11b2651f33aae7f.js  53.6 kB
  Γöö other shared chunks (total)          2.82 kB


Γùï  (Static)   prerendered as static content
╞Æ  (Dynamic)  server-rendered on demand

